warning: associated function `invariant` is never used
 --> type_invariants.rs:9:8
  |
9 |     fn invariant(self) -> bool {
  |        ^^^^^^^^^
  |
  = note: `#[warn(dead_code)]` on by default

warning: 1 warning emitted

